// Bun Snapshot v1, https://bun.sh/docs/test/snapshots

exports[`document rendering: document rendering 1`] = `
"<!doctype html>
  <html>
    
      <head>
        <meta charset="UTF-8" />
        <meta name="viewport" content="width=device-width, initial-scale=1.0" />
        <title>Hello World</title>
        <meta name="description" content="This is a test." />
        <link href="../styles/.tailwind.css" rel="stylesheet" />
        <script src="../scripts/main.ts" type="module"></script>
      </head>
    
    <body>
      <main>
        <h1>Hello World</h1>
        <p>This is a test.</p> <my-heading title="Hello World"><template shadowrootmode="closed"><h3>Hello World</h3></template></my-heading>
      </main>
    </body>
  </html>"
`;
